id:32,name:banana
id:8,name:apple
id:8,name:grape
id:4,name:orange
id:2,name:kiwi
